// Jest Snapshot v1, https://goo.gl/fbAQLP

exports[`App should render 1`] = `
{
  "Application": {
    "App": {
      "active": false,
      "alpha": 1,
      "attached": true,
      "boundsMargin": null,
      "children": {
        "Keyboard": {
          "active": false,
          "alpha": 1,
          "attached": true,
          "boundsMargin": null,
          "children": {
            "Element-11": {
              "active": false,
              "alpha": 1,
              "attached": true,
              "boundsMargin": null,
              "children": {
                "Label": {
                  "active": false,
                  "alpha": 1,
                  "attached": true,
                  "boundsMargin": null,
                  "clipping": false,
                  "color": "ff000000",
                  "enabled": true,
                  "flex": false,
                  "flexItem": false,
                  "h": 0,
                  "id": 12,
                  "isComponent": undefined,
                  "mount": 0,
                  "mountX": 0,
                  "mountY": 0.5,
                  "pivot": 0.5,
                  "pivotX": 0.5,
                  "pivotY": 0.5,
                  "ref": "Label",
                  "renderOfScreen": undefined,
                  "renderToTexture": false,
                  "scale": 1,
                  "scaleX": 1,
                  "scaleY": 1,
                  "state": undefined,
                  "tag": [Function],
                  "tags": [
                    "Label",
                  ],
                  "texture": {
                    "fontSize": 24,
                    "text": "3",
                    "type": "TextTexture",
                  },
                  "visible": true,
                  "w": 0,
                  "x": 18,
                  "y": [Function],
                  "zIndex": 0,
                },
              },
              "clipping": false,
              "color": 4294967295,
              "enabled": true,
              "flex": false,
              "flexItem": false,
              "h": 50,
              "hasFinalFocus": false,
              "hasFocus": false,
              "id": 11,
              "isComponent": true,
              "mount": 0,
              "mountX": 0,
              "mountY": 0,
              "pivot": 0.5,
              "pivotX": 0.5,
              "pivotY": 0.5,
              "ref": null,
              "renderOfScreen": undefined,
              "renderToTexture": false,
              "scale": 1,
              "scaleX": 1,
              "scaleY": 1,
              "state": "",
              "tag": [Function],
              "texture": {
                "type": "RectangleTexture",
              },
              "type": "Button",
              "visible": true,
              "w": 50,
              "x": 150,
              "y": 0,
              "zIndex": 0,
            },
            "Element-13": {
              "active": false,
              "alpha": 1,
              "attached": true,
              "boundsMargin": null,
              "children": {
                "Label": {
                  "active": false,
                  "alpha": 1,
                  "attached": true,
                  "boundsMargin": null,
                  "clipping": false,
                  "color": "ff000000",
                  "enabled": true,
                  "flex": false,
                  "flexItem": false,
                  "h": 0,
                  "id": 14,
                  "isComponent": undefined,
                  "mount": 0,
                  "mountX": 0,
                  "mountY": 0.5,
                  "pivot": 0.5,
                  "pivotX": 0.5,
                  "pivotY": 0.5,
                  "ref": "Label",
                  "renderOfScreen": undefined,
                  "renderToTexture": false,
                  "scale": 1,
                  "scaleX": 1,
                  "scaleY": 1,
                  "state": undefined,
                  "tag": [Function],
                  "tags": [
                    "Label",
                  ],
                  "texture": {
                    "fontSize": 24,
                    "text": "4",
                    "type": "TextTexture",
                  },
                  "visible": true,
                  "w": 0,
                  "x": 18,
                  "y": [Function],
                  "zIndex": 0,
                },
              },
              "clipping": false,
              "color": 4294967295,
              "enabled": true,
              "flex": false,
              "flexItem": false,
              "h": 50,
              "hasFinalFocus": false,
              "hasFocus": false,
              "id": 13,
              "isComponent": true,
              "mount": 0,
              "mountX": 0,
              "mountY": 0,
              "pivot": 0.5,
              "pivotX": 0.5,
              "pivotY": 0.5,
              "ref": null,
              "renderOfScreen": undefined,
              "renderToTexture": false,
              "scale": 1,
              "scaleX": 1,
              "scaleY": 1,
              "state": "",
              "tag": [Function],
              "texture": {
                "type": "RectangleTexture",
              },
              "type": "Button",
              "visible": true,
              "w": 50,
              "x": 200,
              "y": 0,
              "zIndex": 0,
            },
            "Element-15": {
              "active": false,
              "alpha": 1,
              "attached": true,
              "boundsMargin": null,
              "children": {
                "Label": {
                  "active": false,
                  "alpha": 1,
                  "attached": true,
                  "boundsMargin": null,
                  "clipping": false,
                  "color": "ff000000",
                  "enabled": true,
                  "flex": false,
                  "flexItem": false,
                  "h": 0,
                  "id": 16,
                  "isComponent": undefined,
                  "mount": 0,
                  "mountX": 0,
                  "mountY": 0.5,
                  "pivot": 0.5,
                  "pivotX": 0.5,
                  "pivotY": 0.5,
                  "ref": "Label",
                  "renderOfScreen": undefined,
                  "renderToTexture": false,
                  "scale": 1,
                  "scaleX": 1,
                  "scaleY": 1,
                  "state": undefined,
                  "tag": [Function],
                  "tags": [
                    "Label",
                  ],
                  "texture": {
                    "fontSize": 24,
                    "text": "5",
                    "type": "TextTexture",
                  },
                  "visible": true,
                  "w": 0,
                  "x": 18,
                  "y": [Function],
                  "zIndex": 0,
                },
              },
              "clipping": false,
              "color": 4294967295,
              "enabled": true,
              "flex": false,
              "flexItem": false,
              "h": 50,
              "hasFinalFocus": false,
              "hasFocus": false,
              "id": 15,
              "isComponent": true,
              "mount": 0,
              "mountX": 0,
              "mountY": 0,
              "pivot": 0.5,
              "pivotX": 0.5,
              "pivotY": 0.5,
              "ref": null,
              "renderOfScreen": undefined,
              "renderToTexture": false,
              "scale": 1,
              "scaleX": 1,
              "scaleY": 1,
              "state": "",
              "tag": [Function],
              "texture": {
                "type": "RectangleTexture",
              },
              "type": "Button",
              "visible": true,
              "w": 50,
              "x": 250,
              "y": 0,
              "zIndex": 0,
            },
            "Element-17": {
              "active": false,
              "alpha": 1,
              "attached": true,
              "boundsMargin": null,
              "children": {
                "Label": {
                  "active": false,
                  "alpha": 1,
                  "attached": true,
                  "boundsMargin": null,
                  "clipping": false,
                  "color": "ff000000",
                  "enabled": true,
                  "flex": false,
                  "flexItem": false,
                  "h": 0,
                  "id": 18,
                  "isComponent": undefined,
                  "mount": 0,
                  "mountX": 0,
                  "mountY": 0.5,
                  "pivot": 0.5,
                  "pivotX": 0.5,
                  "pivotY": 0.5,
                  "ref": "Label",
                  "renderOfScreen": undefined,
                  "renderToTexture": false,
                  "scale": 1,
                  "scaleX": 1,
                  "scaleY": 1,
                  "state": undefined,
                  "tag": [Function],
                  "tags": [
                    "Label",
                  ],
                  "texture": {
                    "fontSize": 24,
                    "text": "6",
                    "type": "TextTexture",
                  },
                  "visible": true,
                  "w": 0,
                  "x": 18,
                  "y": [Function],
                  "zIndex": 0,
                },
              },
              "clipping": false,
              "color": 4294967295,
              "enabled": true,
              "flex": false,
              "flexItem": false,
              "h": 50,
              "hasFinalFocus": false,
              "hasFocus": false,
              "id": 17,
              "isComponent": true,
              "mount": 0,
              "mountX": 0,
              "mountY": 0,
              "pivot": 0.5,
              "pivotX": 0.5,
              "pivotY": 0.5,
              "ref": null,
              "renderOfScreen": undefined,
              "renderToTexture": false,
              "scale": 1,
              "scaleX": 1,
              "scaleY": 1,
              "state": "",
              "tag": [Function],
              "texture": {
                "type": "RectangleTexture",
              },
              "type": "Button",
              "visible": true,
              "w": 50,
              "x": 300,
              "y": 0,
              "zIndex": 0,
            },
            "Element-19": {
              "active": false,
              "alpha": 1,
              "attached": true,
              "boundsMargin": null,
              "children": {
                "Label": {
                  "active": false,
                  "alpha": 1,
                  "attached": true,
                  "boundsMargin": null,
                  "clipping": false,
                  "color": "ff000000",
                  "enabled": true,
                  "flex": false,
                  "flexItem": false,
                  "h": 0,
                  "id": 20,
                  "isComponent": undefined,
                  "mount": 0,
                  "mountX": 0,
                  "mountY": 0.5,
                  "pivot": 0.5,
                  "pivotX": 0.5,
                  "pivotY": 0.5,
                  "ref": "Label",
                  "renderOfScreen": undefined,
                  "renderToTexture": false,
                  "scale": 1,
                  "scaleX": 1,
                  "scaleY": 1,
                  "state": undefined,
                  "tag": [Function],
                  "tags": [
                    "Label",
                  ],
                  "texture": {
                    "fontSize": 24,
                    "text": "7",
                    "type": "TextTexture",
                  },
                  "visible": true,
                  "w": 0,
                  "x": 18,
                  "y": [Function],
                  "zIndex": 0,
                },
              },
              "clipping": false,
              "color": 4294967295,
              "enabled": true,
              "flex": false,
              "flexItem": false,
              "h": 50,
              "hasFinalFocus": false,
              "hasFocus": false,
              "id": 19,
              "isComponent": true,
              "mount": 0,
              "mountX": 0,
              "mountY": 0,
              "pivot": 0.5,
              "pivotX": 0.5,
              "pivotY": 0.5,
              "ref": null,
              "renderOfScreen": undefined,
              "renderToTexture": false,
              "scale": 1,
              "scaleX": 1,
              "scaleY": 1,
              "state": "",
              "tag": [Function],
              "texture": {
                "type": "RectangleTexture",
              },
              "type": "Button",
              "visible": true,
              "w": 50,
              "x": 350,
              "y": 0,
              "zIndex": 0,
            },
            "Element-21": {
              "active": false,
              "alpha": 1,
              "attached": true,
              "boundsMargin": null,
              "children": {
                "Label": {
                  "active": false,
                  "alpha": 1,
                  "attached": true,
                  "boundsMargin": null,
                  "clipping": false,
                  "color": "ff000000",
                  "enabled": true,
                  "flex": false,
                  "flexItem": false,
                  "h": 0,
                  "id": 22,
                  "isComponent": undefined,
                  "mount": 0,
                  "mountX": 0,
                  "mountY": 0.5,
                  "pivot": 0.5,
                  "pivotX": 0.5,
                  "pivotY": 0.5,
                  "ref": "Label",
                  "renderOfScreen": undefined,
                  "renderToTexture": false,
                  "scale": 1,
                  "scaleX": 1,
                  "scaleY": 1,
                  "state": undefined,
                  "tag": [Function],
                  "tags": [
                    "Label",
                  ],
                  "texture": {
                    "fontSize": 24,
                    "text": "8",
                    "type": "TextTexture",
                  },
                  "visible": true,
                  "w": 0,
                  "x": 18,
                  "y": [Function],
                  "zIndex": 0,
                },
              },
              "clipping": false,
              "color": 4294967295,
              "enabled": true,
              "flex": false,
              "flexItem": false,
              "h": 50,
              "hasFinalFocus": false,
              "hasFocus": false,
              "id": 21,
              "isComponent": true,
              "mount": 0,
              "mountX": 0,
              "mountY": 0,
              "pivot": 0.5,
              "pivotX": 0.5,
              "pivotY": 0.5,
              "ref": null,
              "renderOfScreen": undefined,
              "renderToTexture": false,
              "scale": 1,
              "scaleX": 1,
              "scaleY": 1,
              "state": "",
              "tag": [Function],
              "texture": {
                "type": "RectangleTexture",
              },
              "type": "Button",
              "visible": true,
              "w": 50,
              "x": 400,
              "y": 0,
              "zIndex": 0,
            },
            "Element-23": {
              "active": false,
              "alpha": 1,
              "attached": true,
              "boundsMargin": null,
              "children": {
                "Label": {
                  "active": false,
                  "alpha": 1,
                  "attached": true,
                  "boundsMargin": null,
                  "clipping": false,
                  "color": "ff000000",
                  "enabled": true,
                  "flex": false,
                  "flexItem": false,
                  "h": 0,
                  "id": 24,
                  "isComponent": undefined,
                  "mount": 0,
                  "mountX": 0,
                  "mountY": 0.5,
                  "pivot": 0.5,
                  "pivotX": 0.5,
                  "pivotY": 0.5,
                  "ref": "Label",
                  "renderOfScreen": undefined,
                  "renderToTexture": false,
                  "scale": 1,
                  "scaleX": 1,
                  "scaleY": 1,
                  "state": undefined,
                  "tag": [Function],
                  "tags": [
                    "Label",
                  ],
                  "texture": {
                    "fontSize": 24,
                    "text": "9",
                    "type": "TextTexture",
                  },
                  "visible": true,
                  "w": 0,
                  "x": 18,
                  "y": [Function],
                  "zIndex": 0,
                },
              },
              "clipping": false,
              "color": 4294967295,
              "enabled": true,
              "flex": false,
              "flexItem": false,
              "h": 50,
              "hasFinalFocus": false,
              "hasFocus": false,
              "id": 23,
              "isComponent": true,
              "mount": 0,
              "mountX": 0,
              "mountY": 0,
              "pivot": 0.5,
              "pivotX": 0.5,
              "pivotY": 0.5,
              "ref": null,
              "renderOfScreen": undefined,
              "renderToTexture": false,
              "scale": 1,
              "scaleX": 1,
              "scaleY": 1,
              "state": "",
              "tag": [Function],
              "texture": {
                "type": "RectangleTexture",
              },
              "type": "Button",
              "visible": true,
              "w": 50,
              "x": 450,
              "y": 0,
              "zIndex": 0,
            },
            "Element-25": {
              "active": false,
              "alpha": 1,
              "attached": true,
              "boundsMargin": null,
              "children": {
                "Label": {
                  "active": false,
                  "alpha": 1,
                  "attached": true,
                  "boundsMargin": null,
                  "clipping": false,
                  "color": "ff000000",
                  "enabled": true,
                  "flex": false,
                  "flexItem": false,
                  "h": 0,
                  "id": 26,
                  "isComponent": undefined,
                  "mount": 0,
                  "mountX": 0,
                  "mountY": 0.5,
                  "pivot": 0.5,
                  "pivotX": 0.5,
                  "pivotY": 0.5,
                  "ref": "Label",
                  "renderOfScreen": undefined,
                  "renderToTexture": false,
                  "scale": 1,
                  "scaleX": 1,
                  "scaleY": 1,
                  "state": undefined,
                  "tag": [Function],
                  "tags": [
                    "Label",
                  ],
                  "texture": {
                    "fontSize": 24,
                    "text": "a",
                    "type": "TextTexture",
                  },
                  "visible": true,
                  "w": 0,
                  "x": 18,
                  "y": [Function],
                  "zIndex": 0,
                },
              },
              "clipping": false,
              "color": 4294967295,
              "enabled": true,
              "flex": false,
              "flexItem": false,
              "h": 50,
              "hasFinalFocus": false,
              "hasFocus": false,
              "id": 25,
              "isComponent": true,
              "mount": 0,
              "mountX": 0,
              "mountY": 0,
              "pivot": 0.5,
              "pivotX": 0.5,
              "pivotY": 0.5,
              "ref": null,
              "renderOfScreen": undefined,
              "renderToTexture": false,
              "scale": 1,
              "scaleX": 1,
              "scaleY": 1,
              "state": "",
              "tag": [Function],
              "texture": {
                "type": "RectangleTexture",
              },
              "type": "Button",
              "visible": true,
              "w": 50,
              "x": 0,
              "y": 50,
              "zIndex": 0,
            },
            "Element-27": {
              "active": false,
              "alpha": 1,
              "attached": true,
              "boundsMargin": null,
              "children": {
                "Label": {
                  "active": false,
                  "alpha": 1,
                  "attached": true,
                  "boundsMargin": null,
                  "clipping": false,
                  "color": "ff000000",
                  "enabled": true,
                  "flex": false,
                  "flexItem": false,
                  "h": 0,
                  "id": 28,
                  "isComponent": undefined,
                  "mount": 0,
                  "mountX": 0,
                  "mountY": 0.5,
                  "pivot": 0.5,
                  "pivotX": 0.5,
                  "pivotY": 0.5,
                  "ref": "Label",
                  "renderOfScreen": undefined,
                  "renderToTexture": false,
                  "scale": 1,
                  "scaleX": 1,
                  "scaleY": 1,
                  "state": undefined,
                  "tag": [Function],
                  "tags": [
                    "Label",
                  ],
                  "texture": {
                    "fontSize": 24,
                    "text": "b",
                    "type": "TextTexture",
                  },
                  "visible": true,
                  "w": 0,
                  "x": 18,
                  "y": [Function],
                  "zIndex": 0,
                },
              },
              "clipping": false,
              "color": 4294967295,
              "enabled": true,
              "flex": false,
              "flexItem": false,
              "h": 50,
              "hasFinalFocus": false,
              "hasFocus": false,
              "id": 27,
              "isComponent": true,
              "mount": 0,
              "mountX": 0,
              "mountY": 0,
              "pivot": 0.5,
              "pivotX": 0.5,
              "pivotY": 0.5,
              "ref": null,
              "renderOfScreen": undefined,
              "renderToTexture": false,
              "scale": 1,
              "scaleX": 1,
              "scaleY": 1,
              "state": "",
              "tag": [Function],
              "texture": {
                "type": "RectangleTexture",
              },
              "type": "Button",
              "visible": true,
              "w": 50,
              "x": 50,
              "y": 50,
              "zIndex": 0,
            },
            "Element-29": {
              "active": false,
              "alpha": 1,
              "attached": true,
              "boundsMargin": null,
              "children": {
                "Label": {
                  "active": false,
                  "alpha": 1,
                  "attached": true,
                  "boundsMargin": null,
                  "clipping": false,
                  "color": "ff000000",
                  "enabled": true,
                  "flex": false,
                  "flexItem": false,
                  "h": 0,
                  "id": 30,
                  "isComponent": undefined,
                  "mount": 0,
                  "mountX": 0,
                  "mountY": 0.5,
                  "pivot": 0.5,
                  "pivotX": 0.5,
                  "pivotY": 0.5,
                  "ref": "Label",
                  "renderOfScreen": undefined,
                  "renderToTexture": false,
                  "scale": 1,
                  "scaleX": 1,
                  "scaleY": 1,
                  "state": undefined,
                  "tag": [Function],
                  "tags": [
                    "Label",
                  ],
                  "texture": {
                    "fontSize": 24,
                    "text": "c",
                    "type": "TextTexture",
                  },
                  "visible": true,
                  "w": 0,
                  "x": 18,
                  "y": [Function],
                  "zIndex": 0,
                },
              },
              "clipping": false,
              "color": 4294967295,
              "enabled": true,
              "flex": false,
              "flexItem": false,
              "h": 50,
              "hasFinalFocus": false,
              "hasFocus": false,
              "id": 29,
              "isComponent": true,
              "mount": 0,
              "mountX": 0,
              "mountY": 0,
              "pivot": 0.5,
              "pivotX": 0.5,
              "pivotY": 0.5,
              "ref": null,
              "renderOfScreen": undefined,
              "renderToTexture": false,
              "scale": 1,
              "scaleX": 1,
              "scaleY": 1,
              "state": "",
              "tag": [Function],
              "texture": {
                "type": "RectangleTexture",
              },
              "type": "Button",
              "visible": true,
              "w": 50,
              "x": 100,
              "y": 50,
              "zIndex": 0,
            },
            "Element-31": {
              "active": false,
              "alpha": 1,
              "attached": true,
              "boundsMargin": null,
              "children": {
                "Label": {
                  "active": false,
                  "alpha": 1,
                  "attached": true,
                  "boundsMargin": null,
                  "clipping": false,
                  "color": "ff000000",
                  "enabled": true,
                  "flex": false,
                  "flexItem": false,
                  "h": 0,
                  "id": 32,
                  "isComponent": undefined,
                  "mount": 0,
                  "mountX": 0,
                  "mountY": 0.5,
                  "pivot": 0.5,
                  "pivotX": 0.5,
                  "pivotY": 0.5,
                  "ref": "Label",
                  "renderOfScreen": undefined,
                  "renderToTexture": false,
                  "scale": 1,
                  "scaleX": 1,
                  "scaleY": 1,
                  "state": undefined,
                  "tag": [Function],
                  "tags": [
                    "Label",
                  ],
                  "texture": {
                    "fontSize": 24,
                    "text": "d",
                    "type": "TextTexture",
                  },
                  "visible": true,
                  "w": 0,
                  "x": 18,
                  "y": [Function],
                  "zIndex": 0,
                },
              },
              "clipping": false,
              "color": 4294967295,
              "enabled": true,
              "flex": false,
              "flexItem": false,
              "h": 50,
              "hasFinalFocus": false,
              "hasFocus": false,
              "id": 31,
              "isComponent": true,
              "mount": 0,
              "mountX": 0,
              "mountY": 0,
              "pivot": 0.5,
              "pivotX": 0.5,
              "pivotY": 0.5,
              "ref": null,
              "renderOfScreen": undefined,
              "renderToTexture": false,
              "scale": 1,
              "scaleX": 1,
              "scaleY": 1,
              "state": "",
              "tag": [Function],
              "texture": {
                "type": "RectangleTexture",
              },
              "type": "Button",
              "visible": true,
              "w": 50,
              "x": 150,
              "y": 50,
              "zIndex": 0,
            },
            "Element-33": {
              "active": false,
              "alpha": 1,
              "attached": true,
              "boundsMargin": null,
              "children": {
                "Label": {
                  "active": false,
                  "alpha": 1,
                  "attached": true,
                  "boundsMargin": null,
                  "clipping": false,
                  "color": "ff000000",
                  "enabled": true,
                  "flex": false,
                  "flexItem": false,
                  "h": 0,
                  "id": 34,
                  "isComponent": undefined,
                  "mount": 0,
                  "mountX": 0,
                  "mountY": 0.5,
                  "pivot": 0.5,
                  "pivotX": 0.5,
                  "pivotY": 0.5,
                  "ref": "Label",
                  "renderOfScreen": undefined,
                  "renderToTexture": false,
                  "scale": 1,
                  "scaleX": 1,
                  "scaleY": 1,
                  "state": undefined,
                  "tag": [Function],
                  "tags": [
                    "Label",
                  ],
                  "texture": {
                    "fontSize": 24,
                    "text": "e",
                    "type": "TextTexture",
                  },
                  "visible": true,
                  "w": 0,
                  "x": 18,
                  "y": [Function],
                  "zIndex": 0,
                },
              },
              "clipping": false,
              "color": 4294967295,
              "enabled": true,
              "flex": false,
              "flexItem": false,
              "h": 50,
              "hasFinalFocus": false,
              "hasFocus": false,
              "id": 33,
              "isComponent": true,
              "mount": 0,
              "mountX": 0,
              "mountY": 0,
              "pivot": 0.5,
              "pivotX": 0.5,
              "pivotY": 0.5,
              "ref": null,
              "renderOfScreen": undefined,
              "renderToTexture": false,
              "scale": 1,
              "scaleX": 1,
              "scaleY": 1,
              "state": "",
              "tag": [Function],
              "texture": {
                "type": "RectangleTexture",
              },
              "type": "Button",
              "visible": true,
              "w": 50,
              "x": 200,
              "y": 50,
              "zIndex": 0,
            },
            "Element-35": {
              "active": false,
              "alpha": 1,
              "attached": true,
              "boundsMargin": null,
              "children": {
                "Label": {
                  "active": false,
                  "alpha": 1,
                  "attached": true,
                  "boundsMargin": null,
                  "clipping": false,
                  "color": "ff000000",
                  "enabled": true,
                  "flex": false,
                  "flexItem": false,
                  "h": 0,
                  "id": 36,
                  "isComponent": undefined,
                  "mount": 0,
                  "mountX": 0,
                  "mountY": 0.5,
                  "pivot": 0.5,
                  "pivotX": 0.5,
                  "pivotY": 0.5,
                  "ref": "Label",
                  "renderOfScreen": undefined,
                  "renderToTexture": false,
                  "scale": 1,
                  "scaleX": 1,
                  "scaleY": 1,
                  "state": undefined,
                  "tag": [Function],
                  "tags": [
                    "Label",
                  ],
                  "texture": {
                    "fontSize": 24,
                    "text": "f",
                    "type": "TextTexture",
                  },
                  "visible": true,
                  "w": 0,
                  "x": 18,
                  "y": [Function],
                  "zIndex": 0,
                },
              },
              "clipping": false,
              "color": 4294967295,
              "enabled": true,
              "flex": false,
              "flexItem": false,
              "h": 50,
              "hasFinalFocus": false,
              "hasFocus": false,
              "id": 35,
              "isComponent": true,
              "mount": 0,
              "mountX": 0,
              "mountY": 0,
              "pivot": 0.5,
              "pivotX": 0.5,
              "pivotY": 0.5,
              "ref": null,
              "renderOfScreen": undefined,
              "renderToTexture": false,
              "scale": 1,
              "scaleX": 1,
              "scaleY": 1,
              "state": "",
              "tag": [Function],
              "texture": {
                "type": "RectangleTexture",
              },
              "type": "Button",
              "visible": true,
              "w": 50,
              "x": 250,
              "y": 50,
              "zIndex": 0,
            },
            "Element-37": {
              "active": false,
              "alpha": 1,
              "attached": true,
              "boundsMargin": null,
              "children": {
                "Label": {
                  "active": false,
                  "alpha": 1,
                  "attached": true,
                  "boundsMargin": null,
                  "clipping": false,
                  "color": "ff000000",
                  "enabled": true,
                  "flex": false,
                  "flexItem": false,
                  "h": 0,
                  "id": 38,
                  "isComponent": undefined,
                  "mount": 0,
                  "mountX": 0,
                  "mountY": 0.5,
                  "pivot": 0.5,
                  "pivotX": 0.5,
                  "pivotY": 0.5,
                  "ref": "Label",
                  "renderOfScreen": undefined,
                  "renderToTexture": false,
                  "scale": 1,
                  "scaleX": 1,
                  "scaleY": 1,
                  "state": undefined,
                  "tag": [Function],
                  "tags": [
                    "Label",
                  ],
                  "texture": {
                    "fontSize": 24,
                    "text": "g",
                    "type": "TextTexture",
                  },
                  "visible": true,
                  "w": 0,
                  "x": 18,
                  "y": [Function],
                  "zIndex": 0,
                },
              },
              "clipping": false,
              "color": 4294967295,
              "enabled": true,
              "flex": false,
              "flexItem": false,
              "h": 50,
              "hasFinalFocus": false,
              "hasFocus": false,
              "id": 37,
              "isComponent": true,
              "mount": 0,
              "mountX": 0,
              "mountY": 0,
              "pivot": 0.5,
              "pivotX": 0.5,
              "pivotY": 0.5,
              "ref": null,
              "renderOfScreen": undefined,
              "renderToTexture": false,
              "scale": 1,
              "scaleX": 1,
              "scaleY": 1,
              "state": "",
              "tag": [Function],
              "texture": {
                "type": "RectangleTexture",
              },
              "type": "Button",
              "visible": true,
              "w": 50,
              "x": 300,
              "y": 50,
              "zIndex": 0,
            },
            "Element-39": {
              "active": false,
              "alpha": 1,
              "attached": true,
              "boundsMargin": null,
              "children": {
                "Label": {
                  "active": false,
                  "alpha": 1,
                  "attached": true,
                  "boundsMargin": null,
                  "clipping": false,
                  "color": "ff000000",
                  "enabled": true,
                  "flex": false,
                  "flexItem": false,
                  "h": 0,
                  "id": 40,
                  "isComponent": undefined,
                  "mount": 0,
                  "mountX": 0,
                  "mountY": 0.5,
                  "pivot": 0.5,
                  "pivotX": 0.5,
                  "pivotY": 0.5,
                  "ref": "Label",
                  "renderOfScreen": undefined,
                  "renderToTexture": false,
                  "scale": 1,
                  "scaleX": 1,
                  "scaleY": 1,
                  "state": undefined,
                  "tag": [Function],
                  "tags": [
                    "Label",
                  ],
                  "texture": {
                    "fontSize": 24,
                    "text": "h",
                    "type": "TextTexture",
                  },
                  "visible": true,
                  "w": 0,
                  "x": 18,
                  "y": [Function],
                  "zIndex": 0,
                },
              },
              "clipping": false,
              "color": 4294967295,
              "enabled": true,
              "flex": false,
              "flexItem": false,
              "h": 50,
              "hasFinalFocus": false,
              "hasFocus": false,
              "id": 39,
              "isComponent": true,
              "mount": 0,
              "mountX": 0,
              "mountY": 0,
              "pivot": 0.5,
              "pivotX": 0.5,
              "pivotY": 0.5,
              "ref": null,
              "renderOfScreen": undefined,
              "renderToTexture": false,
              "scale": 1,
              "scaleX": 1,
              "scaleY": 1,
              "state": "",
              "tag": [Function],
              "texture": {
                "type": "RectangleTexture",
              },
              "type": "Button",
              "visible": true,
              "w": 50,
              "x": 350,
              "y": 50,
              "zIndex": 0,
            },
            "Element-41": {
              "active": false,
              "alpha": 1,
              "attached": true,
              "boundsMargin": null,
              "children": {
                "Label": {
                  "active": false,
                  "alpha": 1,
                  "attached": true,
                  "boundsMargin": null,
                  "clipping": false,
                  "color": "ff000000",
                  "enabled": true,
                  "flex": false,
                  "flexItem": false,
                  "h": 0,
                  "id": 42,
                  "isComponent": undefined,
                  "mount": 0,
                  "mountX": 0,
                  "mountY": 0.5,
                  "pivot": 0.5,
                  "pivotX": 0.5,
                  "pivotY": 0.5,
                  "ref": "Label",
                  "renderOfScreen": undefined,
                  "renderToTexture": false,
                  "scale": 1,
                  "scaleX": 1,
                  "scaleY": 1,
                  "state": undefined,
                  "tag": [Function],
                  "tags": [
                    "Label",
                  ],
                  "texture": {
                    "fontSize": 24,
                    "text": "i",
                    "type": "TextTexture",
                  },
                  "visible": true,
                  "w": 0,
                  "x": 18,
                  "y": [Function],
                  "zIndex": 0,
                },
              },
              "clipping": false,
              "color": 4294967295,
              "enabled": true,
              "flex": false,
              "flexItem": false,
              "h": 50,
              "hasFinalFocus": false,
              "hasFocus": false,
              "id": 41,
              "isComponent": true,
              "mount": 0,
              "mountX": 0,
              "mountY": 0,
              "pivot": 0.5,
              "pivotX": 0.5,
              "pivotY": 0.5,
              "ref": null,
              "renderOfScreen": undefined,
              "renderToTexture": false,
              "scale": 1,
              "scaleX": 1,
              "scaleY": 1,
              "state": "",
              "tag": [Function],
              "texture": {
                "type": "RectangleTexture",
              },
              "type": "Button",
              "visible": true,
              "w": 50,
              "x": 400,
              "y": 50,
              "zIndex": 0,
            },
            "Element-43": {
              "active": false,
              "alpha": 1,
              "attached": true,
              "boundsMargin": null,
              "children": {
                "Label": {
                  "active": false,
                  "alpha": 1,
                  "attached": true,
                  "boundsMargin": null,
                  "clipping": false,
                  "color": "ff000000",
                  "enabled": true,
                  "flex": false,
                  "flexItem": false,
                  "h": 0,
                  "id": 44,
                  "isComponent": undefined,
                  "mount": 0,
                  "mountX": 0,
                  "mountY": 0.5,
                  "pivot": 0.5,
                  "pivotX": 0.5,
                  "pivotY": 0.5,
                  "ref": "Label",
                  "renderOfScreen": undefined,
                  "renderToTexture": false,
                  "scale": 1,
                  "scaleX": 1,
                  "scaleY": 1,
                  "state": undefined,
                  "tag": [Function],
                  "tags": [
                    "Label",
                  ],
                  "texture": {
                    "fontSize": 24,
                    "text": "j",
                    "type": "TextTexture",
                  },
                  "visible": true,
                  "w": 0,
                  "x": 18,
                  "y": [Function],
                  "zIndex": 0,
                },
              },
              "clipping": false,
              "color": 4294967295,
              "enabled": true,
              "flex": false,
              "flexItem": false,
              "h": 50,
              "hasFinalFocus": false,
              "hasFocus": false,
              "id": 43,
              "isComponent": true,
              "mount": 0,
              "mountX": 0,
              "mountY": 0,
              "pivot": 0.5,
              "pivotX": 0.5,
              "pivotY": 0.5,
              "ref": null,
              "renderOfScreen": undefined,
              "renderToTexture": false,
              "scale": 1,
              "scaleX": 1,
              "scaleY": 1,
              "state": "",
              "tag": [Function],
              "texture": {
                "type": "RectangleTexture",
              },
              "type": "Button",
              "visible": true,
              "w": 50,
              "x": 450,
              "y": 50,
              "zIndex": 0,
            },
            "Element-45": {
              "active": false,
              "alpha": 1,
              "attached": true,
              "boundsMargin": null,
              "children": {
                "Label": {
                  "active": false,
                  "alpha": 1,
                  "attached": true,
                  "boundsMargin": null,
                  "clipping": false,
                  "color": "ff000000",
                  "enabled": true,
                  "flex": false,
                  "flexItem": false,
                  "h": 0,
                  "id": 46,
                  "isComponent": undefined,
                  "mount": 0,
                  "mountX": 0,
                  "mountY": 0.5,
                  "pivot": 0.5,
                  "pivotX": 0.5,
                  "pivotY": 0.5,
                  "ref": "Label",
                  "renderOfScreen": undefined,
                  "renderToTexture": false,
                  "scale": 1,
                  "scaleX": 1,
                  "scaleY": 1,
                  "state": undefined,
                  "tag": [Function],
                  "tags": [
                    "Label",
                  ],
                  "texture": {
                    "fontSize": 24,
                    "text": "k",
                    "type": "TextTexture",
                  },
                  "visible": true,
                  "w": 0,
                  "x": 18,
                  "y": [Function],
                  "zIndex": 0,
                },
              },
              "clipping": false,
              "color": 4294967295,
              "enabled": true,
              "flex": false,
              "flexItem": false,
              "h": 50,
              "hasFinalFocus": false,
              "hasFocus": false,
              "id": 45,
              "isComponent": true,
              "mount": 0,
              "mountX": 0,
              "mountY": 0,
              "pivot": 0.5,
              "pivotX": 0.5,
              "pivotY": 0.5,
              "ref": null,
              "renderOfScreen": undefined,
              "renderToTexture": false,
              "scale": 1,
              "scaleX": 1,
              "scaleY": 1,
              "state": "",
              "tag": [Function],
              "texture": {
                "type": "RectangleTexture",
              },
              "type": "Button",
              "visible": true,
              "w": 50,
              "x": 0,
              "y": 100,
              "zIndex": 0,
            },
            "Element-47": {
              "active": false,
              "alpha": 1,
              "attached": true,
              "boundsMargin": null,
              "children": {
                "Label": {
                  "active": false,
                  "alpha": 1,
                  "attached": true,
                  "boundsMargin": null,
                  "clipping": false,
                  "color": "ff000000",
                  "enabled": true,
                  "flex": false,
                  "flexItem": false,
                  "h": 0,
                  "id": 48,
                  "isComponent": undefined,
                  "mount": 0,
                  "mountX": 0,
                  "mountY": 0.5,
                  "pivot": 0.5,
                  "pivotX": 0.5,
                  "pivotY": 0.5,
                  "ref": "Label",
                  "renderOfScreen": undefined,
                  "renderToTexture": false,
                  "scale": 1,
                  "scaleX": 1,
                  "scaleY": 1,
                  "state": undefined,
                  "tag": [Function],
                  "tags": [
                    "Label",
                  ],
                  "texture": {
                    "fontSize": 24,
                    "text": "l",
                    "type": "TextTexture",
                  },
                  "visible": true,
                  "w": 0,
                  "x": 18,
                  "y": [Function],
                  "zIndex": 0,
                },
              },
              "clipping": false,
              "color": 4294967295,
              "enabled": true,
              "flex": false,
              "flexItem": false,
              "h": 50,
              "hasFinalFocus": false,
              "hasFocus": false,
              "id": 47,
              "isComponent": true,
              "mount": 0,
              "mountX": 0,
              "mountY": 0,
              "pivot": 0.5,
              "pivotX": 0.5,
              "pivotY": 0.5,
              "ref": null,
              "renderOfScreen": undefined,
              "renderToTexture": false,
              "scale": 1,
              "scaleX": 1,
              "scaleY": 1,
              "state": "",
              "tag": [Function],
              "texture": {
                "type": "RectangleTexture",
              },
              "type": "Button",
              "visible": true,
              "w": 50,
              "x": 50,
              "y": 100,
              "zIndex": 0,
            },
            "Element-49": {
              "active": false,
              "alpha": 1,
              "attached": true,
              "boundsMargin": null,
              "children": {
                "Label": {
                  "active": false,
                  "alpha": 1,
                  "attached": true,
                  "boundsMargin": null,
                  "clipping": false,
                  "color": "ff000000",
                  "enabled": true,
                  "flex": false,
                  "flexItem": false,
                  "h": 0,
                  "id": 50,
                  "isComponent": undefined,
                  "mount": 0,
                  "mountX": 0,
                  "mountY": 0.5,
                  "pivot": 0.5,
                  "pivotX": 0.5,
                  "pivotY": 0.5,
                  "ref": "Label",
                  "renderOfScreen": undefined,
                  "renderToTexture": false,
                  "scale": 1,
                  "scaleX": 1,
                  "scaleY": 1,
                  "state": undefined,
                  "tag": [Function],
                  "tags": [
                    "Label",
                  ],
                  "texture": {
                    "fontSize": 24,
                    "text": "m",
                    "type": "TextTexture",
                  },
                  "visible": true,
                  "w": 0,
                  "x": 18,
                  "y": [Function],
                  "zIndex": 0,
                },
              },
              "clipping": false,
              "color": 4294967295,
              "enabled": true,
              "flex": false,
              "flexItem": false,
              "h": 50,
              "hasFinalFocus": false,
              "hasFocus": false,
              "id": 49,
              "isComponent": true,
              "mount": 0,
              "mountX": 0,
              "mountY": 0,
              "pivot": 0.5,
              "pivotX": 0.5,
              "pivotY": 0.5,
              "ref": null,
              "renderOfScreen": undefined,
              "renderToTexture": false,
              "scale": 1,
              "scaleX": 1,
              "scaleY": 1,
              "state": "",
              "tag": [Function],
              "texture": {
                "type": "RectangleTexture",
              },
              "type": "Button",
              "visible": true,
              "w": 50,
              "x": 100,
              "y": 100,
              "zIndex": 0,
            },
            "Element-5": {
              "active": false,
              "alpha": 1,
              "attached": true,
              "boundsMargin": null,
              "children": {
                "Label": {
                  "active": false,
                  "alpha": 1,
                  "attached": true,
                  "boundsMargin": null,
                  "clipping": false,
                  "color": "ff000000",
                  "enabled": true,
                  "flex": false,
                  "flexItem": false,
                  "h": 0,
                  "id": 6,
                  "isComponent": undefined,
                  "mount": 0,
                  "mountX": 0,
                  "mountY": 0.5,
                  "pivot": 0.5,
                  "pivotX": 0.5,
                  "pivotY": 0.5,
                  "ref": "Label",
                  "renderOfScreen": undefined,
                  "renderToTexture": false,
                  "scale": 1,
                  "scaleX": 1,
                  "scaleY": 1,
                  "state": undefined,
                  "tag": [Function],
                  "tags": [
                    "Label",
                  ],
                  "texture": {
                    "fontSize": 24,
                    "text": "0",
                    "type": "TextTexture",
                  },
                  "visible": true,
                  "w": 0,
                  "x": 18,
                  "y": [Function],
                  "zIndex": 0,
                },
              },
              "clipping": false,
              "color": 4294967295,
              "enabled": true,
              "flex": false,
              "flexItem": false,
              "h": 50,
              "hasFinalFocus": true,
              "hasFocus": true,
              "id": 5,
              "isComponent": true,
              "mount": 0,
              "mountX": 0,
              "mountY": 0,
              "pivot": 0.5,
              "pivotX": 0.5,
              "pivotY": 0.5,
              "ref": null,
              "renderOfScreen": undefined,
              "renderToTexture": false,
              "scale": 1,
              "scaleX": 1,
              "scaleY": 1,
              "state": "",
              "tag": [Function],
              "texture": {
                "type": "RectangleTexture",
              },
              "type": "Button",
              "visible": true,
              "w": 50,
              "x": 0,
              "y": 0,
              "zIndex": 0,
            },
            "Element-51": {
              "active": false,
              "alpha": 1,
              "attached": true,
              "boundsMargin": null,
              "children": {
                "Label": {
                  "active": false,
                  "alpha": 1,
                  "attached": true,
                  "boundsMargin": null,
                  "clipping": false,
                  "color": "ff000000",
                  "enabled": true,
                  "flex": false,
                  "flexItem": false,
                  "h": 0,
                  "id": 52,
                  "isComponent": undefined,
                  "mount": 0,
                  "mountX": 0,
                  "mountY": 0.5,
                  "pivot": 0.5,
                  "pivotX": 0.5,
                  "pivotY": 0.5,
                  "ref": "Label",
                  "renderOfScreen": undefined,
                  "renderToTexture": false,
                  "scale": 1,
                  "scaleX": 1,
                  "scaleY": 1,
                  "state": undefined,
                  "tag": [Function],
                  "tags": [
                    "Label",
                  ],
                  "texture": {
                    "fontSize": 24,
                    "text": "n",
                    "type": "TextTexture",
                  },
                  "visible": true,
                  "w": 0,
                  "x": 18,
                  "y": [Function],
                  "zIndex": 0,
                },
              },
              "clipping": false,
              "color": 4294967295,
              "enabled": true,
              "flex": false,
              "flexItem": false,
              "h": 50,
              "hasFinalFocus": false,
              "hasFocus": false,
              "id": 51,
              "isComponent": true,
              "mount": 0,
              "mountX": 0,
              "mountY": 0,
              "pivot": 0.5,
              "pivotX": 0.5,
              "pivotY": 0.5,
              "ref": null,
              "renderOfScreen": undefined,
              "renderToTexture": false,
              "scale": 1,
              "scaleX": 1,
              "scaleY": 1,
              "state": "",
              "tag": [Function],
              "texture": {
                "type": "RectangleTexture",
              },
              "type": "Button",
              "visible": true,
              "w": 50,
              "x": 150,
              "y": 100,
              "zIndex": 0,
            },
            "Element-53": {
              "active": false,
              "alpha": 1,
              "attached": true,
              "boundsMargin": null,
              "children": {
                "Label": {
                  "active": false,
                  "alpha": 1,
                  "attached": true,
                  "boundsMargin": null,
                  "clipping": false,
                  "color": "ff000000",
                  "enabled": true,
                  "flex": false,
                  "flexItem": false,
                  "h": 0,
                  "id": 54,
                  "isComponent": undefined,
                  "mount": 0,
                  "mountX": 0,
                  "mountY": 0.5,
                  "pivot": 0.5,
                  "pivotX": 0.5,
                  "pivotY": 0.5,
                  "ref": "Label",
                  "renderOfScreen": undefined,
                  "renderToTexture": false,
                  "scale": 1,
                  "scaleX": 1,
                  "scaleY": 1,
                  "state": undefined,
                  "tag": [Function],
                  "tags": [
                    "Label",
                  ],
                  "texture": {
                    "fontSize": 24,
                    "text": "o",
                    "type": "TextTexture",
                  },
                  "visible": true,
                  "w": 0,
                  "x": 18,
                  "y": [Function],
                  "zIndex": 0,
                },
              },
              "clipping": false,
              "color": 4294967295,
              "enabled": true,
              "flex": false,
              "flexItem": false,
              "h": 50,
              "hasFinalFocus": false,
              "hasFocus": false,
              "id": 53,
              "isComponent": true,
              "mount": 0,
              "mountX": 0,
              "mountY": 0,
              "pivot": 0.5,
              "pivotX": 0.5,
              "pivotY": 0.5,
              "ref": null,
              "renderOfScreen": undefined,
              "renderToTexture": false,
              "scale": 1,
              "scaleX": 1,
              "scaleY": 1,
              "state": "",
              "tag": [Function],
              "texture": {
                "type": "RectangleTexture",
              },
              "type": "Button",
              "visible": true,
              "w": 50,
              "x": 200,
              "y": 100,
              "zIndex": 0,
            },
            "Element-55": {
              "active": false,
              "alpha": 1,
              "attached": true,
              "boundsMargin": null,
              "children": {
                "Label": {
                  "active": false,
                  "alpha": 1,
                  "attached": true,
                  "boundsMargin": null,
                  "clipping": false,
                  "color": "ff000000",
                  "enabled": true,
                  "flex": false,
                  "flexItem": false,
                  "h": 0,
                  "id": 56,
                  "isComponent": undefined,
                  "mount": 0,
                  "mountX": 0,
                  "mountY": 0.5,
                  "pivot": 0.5,
                  "pivotX": 0.5,
                  "pivotY": 0.5,
                  "ref": "Label",
                  "renderOfScreen": undefined,
                  "renderToTexture": false,
                  "scale": 1,
                  "scaleX": 1,
                  "scaleY": 1,
                  "state": undefined,
                  "tag": [Function],
                  "tags": [
                    "Label",
                  ],
                  "texture": {
                    "fontSize": 24,
                    "text": "p",
                    "type": "TextTexture",
                  },
                  "visible": true,
                  "w": 0,
                  "x": 18,
                  "y": [Function],
                  "zIndex": 0,
                },
              },
              "clipping": false,
              "color": 4294967295,
              "enabled": true,
              "flex": false,
              "flexItem": false,
              "h": 50,
              "hasFinalFocus": false,
              "hasFocus": false,
              "id": 55,
              "isComponent": true,
              "mount": 0,
              "mountX": 0,
              "mountY": 0,
              "pivot": 0.5,
              "pivotX": 0.5,
              "pivotY": 0.5,
              "ref": null,
              "renderOfScreen": undefined,
              "renderToTexture": false,
              "scale": 1,
              "scaleX": 1,
              "scaleY": 1,
              "state": "",
              "tag": [Function],
              "texture": {
                "type": "RectangleTexture",
              },
              "type": "Button",
              "visible": true,
              "w": 50,
              "x": 250,
              "y": 100,
              "zIndex": 0,
            },
            "Element-57": {
              "active": false,
              "alpha": 1,
              "attached": true,
              "boundsMargin": null,
              "children": {
                "Label": {
                  "active": false,
                  "alpha": 1,
                  "attached": true,
                  "boundsMargin": null,
                  "clipping": false,
                  "color": "ff000000",
                  "enabled": true,
                  "flex": false,
                  "flexItem": false,
                  "h": 0,
                  "id": 58,
                  "isComponent": undefined,
                  "mount": 0,
                  "mountX": 0,
                  "mountY": 0.5,
                  "pivot": 0.5,
                  "pivotX": 0.5,
                  "pivotY": 0.5,
                  "ref": "Label",
                  "renderOfScreen": undefined,
                  "renderToTexture": false,
                  "scale": 1,
                  "scaleX": 1,
                  "scaleY": 1,
                  "state": undefined,
                  "tag": [Function],
                  "tags": [
                    "Label",
                  ],
                  "texture": {
                    "fontSize": 24,
                    "text": "q",
                    "type": "TextTexture",
                  },
                  "visible": true,
                  "w": 0,
                  "x": 18,
                  "y": [Function],
                  "zIndex": 0,
                },
              },
              "clipping": false,
              "color": 4294967295,
              "enabled": true,
              "flex": false,
              "flexItem": false,
              "h": 50,
              "hasFinalFocus": false,
              "hasFocus": false,
              "id": 57,
              "isComponent": true,
              "mount": 0,
              "mountX": 0,
              "mountY": 0,
              "pivot": 0.5,
              "pivotX": 0.5,
              "pivotY": 0.5,
              "ref": null,
              "renderOfScreen": undefined,
              "renderToTexture": false,
              "scale": 1,
              "scaleX": 1,
              "scaleY": 1,
              "state": "",
              "tag": [Function],
              "texture": {
                "type": "RectangleTexture",
              },
              "type": "Button",
              "visible": true,
              "w": 50,
              "x": 300,
              "y": 100,
              "zIndex": 0,
            },
            "Element-59": {
              "active": false,
              "alpha": 1,
              "attached": true,
              "boundsMargin": null,
              "children": {
                "Label": {
                  "active": false,
                  "alpha": 1,
                  "attached": true,
                  "boundsMargin": null,
                  "clipping": false,
                  "color": "ff000000",
                  "enabled": true,
                  "flex": false,
                  "flexItem": false,
                  "h": 0,
                  "id": 60,
                  "isComponent": undefined,
                  "mount": 0,
                  "mountX": 0,
                  "mountY": 0.5,
                  "pivot": 0.5,
                  "pivotX": 0.5,
                  "pivotY": 0.5,
                  "ref": "Label",
                  "renderOfScreen": undefined,
                  "renderToTexture": false,
                  "scale": 1,
                  "scaleX": 1,
                  "scaleY": 1,
                  "state": undefined,
                  "tag": [Function],
                  "tags": [
                    "Label",
                  ],
                  "texture": {
                    "fontSize": 24,
                    "text": "r",
                    "type": "TextTexture",
                  },
                  "visible": true,
                  "w": 0,
                  "x": 18,
                  "y": [Function],
                  "zIndex": 0,
                },
              },
              "clipping": false,
              "color": 4294967295,
              "enabled": true,
              "flex": false,
              "flexItem": false,
              "h": 50,
              "hasFinalFocus": false,
              "hasFocus": false,
              "id": 59,
              "isComponent": true,
              "mount": 0,
              "mountX": 0,
              "mountY": 0,
              "pivot": 0.5,
              "pivotX": 0.5,
              "pivotY": 0.5,
              "ref": null,
              "renderOfScreen": undefined,
              "renderToTexture": false,
              "scale": 1,
              "scaleX": 1,
              "scaleY": 1,
              "state": "",
              "tag": [Function],
              "texture": {
                "type": "RectangleTexture",
              },
              "type": "Button",
              "visible": true,
              "w": 50,
              "x": 350,
              "y": 100,
              "zIndex": 0,
            },
            "Element-61": {
              "active": false,
              "alpha": 1,
              "attached": true,
              "boundsMargin": null,
              "children": {
                "Label": {
                  "active": false,
                  "alpha": 1,
                  "attached": true,
                  "boundsMargin": null,
                  "clipping": false,
                  "color": "ff000000",
                  "enabled": true,
                  "flex": false,
                  "flexItem": false,
                  "h": 0,
                  "id": 62,
                  "isComponent": undefined,
                  "mount": 0,
                  "mountX": 0,
                  "mountY": 0.5,
                  "pivot": 0.5,
                  "pivotX": 0.5,
                  "pivotY": 0.5,
                  "ref": "Label",
                  "renderOfScreen": undefined,
                  "renderToTexture": false,
                  "scale": 1,
                  "scaleX": 1,
                  "scaleY": 1,
                  "state": undefined,
                  "tag": [Function],
                  "tags": [
                    "Label",
                  ],
                  "texture": {
                    "fontSize": 24,
                    "text": "s",
                    "type": "TextTexture",
                  },
                  "visible": true,
                  "w": 0,
                  "x": 18,
                  "y": [Function],
                  "zIndex": 0,
                },
              },
              "clipping": false,
              "color": 4294967295,
              "enabled": true,
              "flex": false,
              "flexItem": false,
              "h": 50,
              "hasFinalFocus": false,
              "hasFocus": false,
              "id": 61,
              "isComponent": true,
              "mount": 0,
              "mountX": 0,
              "mountY": 0,
              "pivot": 0.5,
              "pivotX": 0.5,
              "pivotY": 0.5,
              "ref": null,
              "renderOfScreen": undefined,
              "renderToTexture": false,
              "scale": 1,
              "scaleX": 1,
              "scaleY": 1,
              "state": "",
              "tag": [Function],
              "texture": {
                "type": "RectangleTexture",
              },
              "type": "Button",
              "visible": true,
              "w": 50,
              "x": 400,
              "y": 100,
              "zIndex": 0,
            },
            "Element-63": {
              "active": false,
              "alpha": 1,
              "attached": true,
              "boundsMargin": null,
              "children": {
                "Label": {
                  "active": false,
                  "alpha": 1,
                  "attached": true,
                  "boundsMargin": null,
                  "clipping": false,
                  "color": "ff000000",
                  "enabled": true,
                  "flex": false,
                  "flexItem": false,
                  "h": 0,
                  "id": 64,
                  "isComponent": undefined,
                  "mount": 0,
                  "mountX": 0,
                  "mountY": 0.5,
                  "pivot": 0.5,
                  "pivotX": 0.5,
                  "pivotY": 0.5,
                  "ref": "Label",
                  "renderOfScreen": undefined,
                  "renderToTexture": false,
                  "scale": 1,
                  "scaleX": 1,
                  "scaleY": 1,
                  "state": undefined,
                  "tag": [Function],
                  "tags": [
                    "Label",
                  ],
                  "texture": {
                    "fontSize": 24,
                    "text": "t",
                    "type": "TextTexture",
                  },
                  "visible": true,
                  "w": 0,
                  "x": 18,
                  "y": [Function],
                  "zIndex": 0,
                },
              },
              "clipping": false,
              "color": 4294967295,
              "enabled": true,
              "flex": false,
              "flexItem": false,
              "h": 50,
              "hasFinalFocus": false,
              "hasFocus": false,
              "id": 63,
              "isComponent": true,
              "mount": 0,
              "mountX": 0,
              "mountY": 0,
              "pivot": 0.5,
              "pivotX": 0.5,
              "pivotY": 0.5,
              "ref": null,
              "renderOfScreen": undefined,
              "renderToTexture": false,
              "scale": 1,
              "scaleX": 1,
              "scaleY": 1,
              "state": "",
              "tag": [Function],
              "texture": {
                "type": "RectangleTexture",
              },
              "type": "Button",
              "visible": true,
              "w": 50,
              "x": 450,
              "y": 100,
              "zIndex": 0,
            },
            "Element-65": {
              "active": false,
              "alpha": 1,
              "attached": true,
              "boundsMargin": null,
              "children": {
                "Label": {
                  "active": false,
                  "alpha": 1,
                  "attached": true,
                  "boundsMargin": null,
                  "clipping": false,
                  "color": "ff000000",
                  "enabled": true,
                  "flex": false,
                  "flexItem": false,
                  "h": 0,
                  "id": 66,
                  "isComponent": undefined,
                  "mount": 0,
                  "mountX": 0,
                  "mountY": 0.5,
                  "pivot": 0.5,
                  "pivotX": 0.5,
                  "pivotY": 0.5,
                  "ref": "Label",
                  "renderOfScreen": undefined,
                  "renderToTexture": false,
                  "scale": 1,
                  "scaleX": 1,
                  "scaleY": 1,
                  "state": undefined,
                  "tag": [Function],
                  "tags": [
                    "Label",
                  ],
                  "texture": {
                    "fontSize": 24,
                    "text": "u",
                    "type": "TextTexture",
                  },
                  "visible": true,
                  "w": 0,
                  "x": 18,
                  "y": [Function],
                  "zIndex": 0,
                },
              },
              "clipping": false,
              "color": 4294967295,
              "enabled": true,
              "flex": false,
              "flexItem": false,
              "h": 50,
              "hasFinalFocus": false,
              "hasFocus": false,
              "id": 65,
              "isComponent": true,
              "mount": 0,
              "mountX": 0,
              "mountY": 0,
              "pivot": 0.5,
              "pivotX": 0.5,
              "pivotY": 0.5,
              "ref": null,
              "renderOfScreen": undefined,
              "renderToTexture": false,
              "scale": 1,
              "scaleX": 1,
              "scaleY": 1,
              "state": "",
              "tag": [Function],
              "texture": {
                "type": "RectangleTexture",
              },
              "type": "Button",
              "visible": true,
              "w": 50,
              "x": 0,
              "y": 150,
              "zIndex": 0,
            },
            "Element-67": {
              "active": false,
              "alpha": 1,
              "attached": true,
              "boundsMargin": null,
              "children": {
                "Label": {
                  "active": false,
                  "alpha": 1,
                  "attached": true,
                  "boundsMargin": null,
                  "clipping": false,
                  "color": "ff000000",
                  "enabled": true,
                  "flex": false,
                  "flexItem": false,
                  "h": 0,
                  "id": 68,
                  "isComponent": undefined,
                  "mount": 0,
                  "mountX": 0,
                  "mountY": 0.5,
                  "pivot": 0.5,
                  "pivotX": 0.5,
                  "pivotY": 0.5,
                  "ref": "Label",
                  "renderOfScreen": undefined,
                  "renderToTexture": false,
                  "scale": 1,
                  "scaleX": 1,
                  "scaleY": 1,
                  "state": undefined,
                  "tag": [Function],
                  "tags": [
                    "Label",
                  ],
                  "texture": {
                    "fontSize": 24,
                    "text": "v",
                    "type": "TextTexture",
                  },
                  "visible": true,
                  "w": 0,
                  "x": 18,
                  "y": [Function],
                  "zIndex": 0,
                },
              },
              "clipping": false,
              "color": 4294967295,
              "enabled": true,
              "flex": false,
              "flexItem": false,
              "h": 50,
              "hasFinalFocus": false,
              "hasFocus": false,
              "id": 67,
              "isComponent": true,
              "mount": 0,
              "mountX": 0,
              "mountY": 0,
              "pivot": 0.5,
              "pivotX": 0.5,
              "pivotY": 0.5,
              "ref": null,
              "renderOfScreen": undefined,
              "renderToTexture": false,
              "scale": 1,
              "scaleX": 1,
              "scaleY": 1,
              "state": "",
              "tag": [Function],
              "texture": {
                "type": "RectangleTexture",
              },
              "type": "Button",
              "visible": true,
              "w": 50,
              "x": 50,
              "y": 150,
              "zIndex": 0,
            },
            "Element-69": {
              "active": false,
              "alpha": 1,
              "attached": true,
              "boundsMargin": null,
              "children": {
                "Label": {
                  "active": false,
                  "alpha": 1,
                  "attached": true,
                  "boundsMargin": null,
                  "clipping": false,
                  "color": "ff000000",
                  "enabled": true,
                  "flex": false,
                  "flexItem": false,
                  "h": 0,
                  "id": 70,
                  "isComponent": undefined,
                  "mount": 0,
                  "mountX": 0,
                  "mountY": 0.5,
                  "pivot": 0.5,
                  "pivotX": 0.5,
                  "pivotY": 0.5,
                  "ref": "Label",
                  "renderOfScreen": undefined,
                  "renderToTexture": false,
                  "scale": 1,
                  "scaleX": 1,
                  "scaleY": 1,
                  "state": undefined,
                  "tag": [Function],
                  "tags": [
                    "Label",
                  ],
                  "texture": {
                    "fontSize": 24,
                    "text": "w",
                    "type": "TextTexture",
                  },
                  "visible": true,
                  "w": 0,
                  "x": 18,
                  "y": [Function],
                  "zIndex": 0,
                },
              },
              "clipping": false,
              "color": 4294967295,
              "enabled": true,
              "flex": false,
              "flexItem": false,
              "h": 50,
              "hasFinalFocus": false,
              "hasFocus": false,
              "id": 69,
              "isComponent": true,
              "mount": 0,
              "mountX": 0,
              "mountY": 0,
              "pivot": 0.5,
              "pivotX": 0.5,
              "pivotY": 0.5,
              "ref": null,
              "renderOfScreen": undefined,
              "renderToTexture": false,
              "scale": 1,
              "scaleX": 1,
              "scaleY": 1,
              "state": "",
              "tag": [Function],
              "texture": {
                "type": "RectangleTexture",
              },
              "type": "Button",
              "visible": true,
              "w": 50,
              "x": 100,
              "y": 150,
              "zIndex": 0,
            },
            "Element-7": {
              "active": false,
              "alpha": 1,
              "attached": true,
              "boundsMargin": null,
              "children": {
                "Label": {
                  "active": false,
                  "alpha": 1,
                  "attached": true,
                  "boundsMargin": null,
                  "clipping": false,
                  "color": "ff000000",
                  "enabled": true,
                  "flex": false,
                  "flexItem": false,
                  "h": 0,
                  "id": 8,
                  "isComponent": undefined,
                  "mount": 0,
                  "mountX": 0,
                  "mountY": 0.5,
                  "pivot": 0.5,
                  "pivotX": 0.5,
                  "pivotY": 0.5,
                  "ref": "Label",
                  "renderOfScreen": undefined,
                  "renderToTexture": false,
                  "scale": 1,
                  "scaleX": 1,
                  "scaleY": 1,
                  "state": undefined,
                  "tag": [Function],
                  "tags": [
                    "Label",
                  ],
                  "texture": {
                    "fontSize": 24,
                    "text": "1",
                    "type": "TextTexture",
                  },
                  "visible": true,
                  "w": 0,
                  "x": 18,
                  "y": [Function],
                  "zIndex": 0,
                },
              },
              "clipping": false,
              "color": 4294967295,
              "enabled": true,
              "flex": false,
              "flexItem": false,
              "h": 50,
              "hasFinalFocus": false,
              "hasFocus": false,
              "id": 7,
              "isComponent": true,
              "mount": 0,
              "mountX": 0,
              "mountY": 0,
              "pivot": 0.5,
              "pivotX": 0.5,
              "pivotY": 0.5,
              "ref": null,
              "renderOfScreen": undefined,
              "renderToTexture": false,
              "scale": 1,
              "scaleX": 1,
              "scaleY": 1,
              "state": "",
              "tag": [Function],
              "texture": {
                "type": "RectangleTexture",
              },
              "type": "Button",
              "visible": true,
              "w": 50,
              "x": 50,
              "y": 0,
              "zIndex": 0,
            },
            "Element-71": {
              "active": false,
              "alpha": 1,
              "attached": true,
              "boundsMargin": null,
              "children": {
                "Label": {
                  "active": false,
                  "alpha": 1,
                  "attached": true,
                  "boundsMargin": null,
                  "clipping": false,
                  "color": "ff000000",
                  "enabled": true,
                  "flex": false,
                  "flexItem": false,
                  "h": 0,
                  "id": 72,
                  "isComponent": undefined,
                  "mount": 0,
                  "mountX": 0,
                  "mountY": 0.5,
                  "pivot": 0.5,
                  "pivotX": 0.5,
                  "pivotY": 0.5,
                  "ref": "Label",
                  "renderOfScreen": undefined,
                  "renderToTexture": false,
                  "scale": 1,
                  "scaleX": 1,
                  "scaleY": 1,
                  "state": undefined,
                  "tag": [Function],
                  "tags": [
                    "Label",
                  ],
                  "texture": {
                    "fontSize": 24,
                    "text": "x",
                    "type": "TextTexture",
                  },
                  "visible": true,
                  "w": 0,
                  "x": 18,
                  "y": [Function],
                  "zIndex": 0,
                },
              },
              "clipping": false,
              "color": 4294967295,
              "enabled": true,
              "flex": false,
              "flexItem": false,
              "h": 50,
              "hasFinalFocus": false,
              "hasFocus": false,
              "id": 71,
              "isComponent": true,
              "mount": 0,
              "mountX": 0,
              "mountY": 0,
              "pivot": 0.5,
              "pivotX": 0.5,
              "pivotY": 0.5,
              "ref": null,
              "renderOfScreen": undefined,
              "renderToTexture": false,
              "scale": 1,
              "scaleX": 1,
              "scaleY": 1,
              "state": "",
              "tag": [Function],
              "texture": {
                "type": "RectangleTexture",
              },
              "type": "Button",
              "visible": true,
              "w": 50,
              "x": 150,
              "y": 150,
              "zIndex": 0,
            },
            "Element-73": {
              "active": false,
              "alpha": 1,
              "attached": true,
              "boundsMargin": null,
              "children": {
                "Label": {
                  "active": false,
                  "alpha": 1,
                  "attached": true,
                  "boundsMargin": null,
                  "clipping": false,
                  "color": "ff000000",
                  "enabled": true,
                  "flex": false,
                  "flexItem": false,
                  "h": 0,
                  "id": 74,
                  "isComponent": undefined,
                  "mount": 0,
                  "mountX": 0,
                  "mountY": 0.5,
                  "pivot": 0.5,
                  "pivotX": 0.5,
                  "pivotY": 0.5,
                  "ref": "Label",
                  "renderOfScreen": undefined,
                  "renderToTexture": false,
                  "scale": 1,
                  "scaleX": 1,
                  "scaleY": 1,
                  "state": undefined,
                  "tag": [Function],
                  "tags": [
                    "Label",
                  ],
                  "texture": {
                    "fontSize": 24,
                    "text": "y",
                    "type": "TextTexture",
                  },
                  "visible": true,
                  "w": 0,
                  "x": 18,
                  "y": [Function],
                  "zIndex": 0,
                },
              },
              "clipping": false,
              "color": 4294967295,
              "enabled": true,
              "flex": false,
              "flexItem": false,
              "h": 50,
              "hasFinalFocus": false,
              "hasFocus": false,
              "id": 73,
              "isComponent": true,
              "mount": 0,
              "mountX": 0,
              "mountY": 0,
              "pivot": 0.5,
              "pivotX": 0.5,
              "pivotY": 0.5,
              "ref": null,
              "renderOfScreen": undefined,
              "renderToTexture": false,
              "scale": 1,
              "scaleX": 1,
              "scaleY": 1,
              "state": "",
              "tag": [Function],
              "texture": {
                "type": "RectangleTexture",
              },
              "type": "Button",
              "visible": true,
              "w": 50,
              "x": 200,
              "y": 150,
              "zIndex": 0,
            },
            "Element-75": {
              "active": false,
              "alpha": 1,
              "attached": true,
              "boundsMargin": null,
              "children": {
                "Label": {
                  "active": false,
                  "alpha": 1,
                  "attached": true,
                  "boundsMargin": null,
                  "clipping": false,
                  "color": "ff000000",
                  "enabled": true,
                  "flex": false,
                  "flexItem": false,
                  "h": 0,
                  "id": 76,
                  "isComponent": undefined,
                  "mount": 0,
                  "mountX": 0,
                  "mountY": 0.5,
                  "pivot": 0.5,
                  "pivotX": 0.5,
                  "pivotY": 0.5,
                  "ref": "Label",
                  "renderOfScreen": undefined,
                  "renderToTexture": false,
                  "scale": 1,
                  "scaleX": 1,
                  "scaleY": 1,
                  "state": undefined,
                  "tag": [Function],
                  "tags": [
                    "Label",
                  ],
                  "texture": {
                    "fontSize": 24,
                    "text": "z",
                    "type": "TextTexture",
                  },
                  "visible": true,
                  "w": 0,
                  "x": 18,
                  "y": [Function],
                  "zIndex": 0,
                },
              },
              "clipping": false,
              "color": 4294967295,
              "enabled": true,
              "flex": false,
              "flexItem": false,
              "h": 50,
              "hasFinalFocus": false,
              "hasFocus": false,
              "id": 75,
              "isComponent": true,
              "mount": 0,
              "mountX": 0,
              "mountY": 0,
              "pivot": 0.5,
              "pivotX": 0.5,
              "pivotY": 0.5,
              "ref": null,
              "renderOfScreen": undefined,
              "renderToTexture": false,
              "scale": 1,
              "scaleX": 1,
              "scaleY": 1,
              "state": "",
              "tag": [Function],
              "texture": {
                "type": "RectangleTexture",
              },
              "type": "Button",
              "visible": true,
              "w": 50,
              "x": 250,
              "y": 150,
              "zIndex": 0,
            },
            "Element-77": {
              "active": false,
              "alpha": 1,
              "attached": true,
              "boundsMargin": null,
              "children": {
                "Label": {
                  "active": false,
                  "alpha": 1,
                  "attached": true,
                  "boundsMargin": null,
                  "clipping": false,
                  "color": "ff000000",
                  "enabled": true,
                  "flex": false,
                  "flexItem": false,
                  "h": 0,
                  "id": 78,
                  "isComponent": undefined,
                  "mount": 0,
                  "mountX": 0,
                  "mountY": 0.5,
                  "pivot": 0.5,
                  "pivotX": 0.5,
                  "pivotY": 0.5,
                  "ref": "Label",
                  "renderOfScreen": undefined,
                  "renderToTexture": false,
                  "scale": 1,
                  "scaleX": 1,
                  "scaleY": 1,
                  "state": undefined,
                  "tag": [Function],
                  "tags": [
                    "Label",
                  ],
                  "texture": {
                    "fontSize": 24,
                    "text": "space",
                    "type": "TextTexture",
                  },
                  "visible": true,
                  "w": 0,
                  "x": 18,
                  "y": [Function],
                  "zIndex": 0,
                },
              },
              "clipping": false,
              "color": 4294967295,
              "enabled": true,
              "flex": false,
              "flexItem": false,
              "h": 50,
              "hasFinalFocus": false,
              "hasFocus": false,
              "id": 77,
              "isComponent": true,
              "mount": 0,
              "mountX": 0,
              "mountY": 0,
              "pivot": 0.5,
              "pivotX": 0.5,
              "pivotY": 0.5,
              "ref": null,
              "renderOfScreen": undefined,
              "renderToTexture": false,
              "scale": 1,
              "scaleX": 1,
              "scaleY": 1,
              "state": "",
              "tag": [Function],
              "texture": {
                "type": "RectangleTexture",
              },
              "type": "Button",
              "visible": true,
              "w": 100,
              "x": 300,
              "y": 150,
              "zIndex": 0,
            },
            "Element-9": {
              "active": false,
              "alpha": 1,
              "attached": true,
              "boundsMargin": null,
              "children": {
                "Label": {
                  "active": false,
                  "alpha": 1,
                  "attached": true,
                  "boundsMargin": null,
                  "clipping": false,
                  "color": "ff000000",
                  "enabled": true,
                  "flex": false,
                  "flexItem": false,
                  "h": 0,
                  "id": 10,
                  "isComponent": undefined,
                  "mount": 0,
                  "mountX": 0,
                  "mountY": 0.5,
                  "pivot": 0.5,
                  "pivotX": 0.5,
                  "pivotY": 0.5,
                  "ref": "Label",
                  "renderOfScreen": undefined,
                  "renderToTexture": false,
                  "scale": 1,
                  "scaleX": 1,
                  "scaleY": 1,
                  "state": undefined,
                  "tag": [Function],
                  "tags": [
                    "Label",
                  ],
                  "texture": {
                    "fontSize": 24,
                    "text": "2",
                    "type": "TextTexture",
                  },
                  "visible": true,
                  "w": 0,
                  "x": 18,
                  "y": [Function],
                  "zIndex": 0,
                },
              },
              "clipping": false,
              "color": 4294967295,
              "enabled": true,
              "flex": false,
              "flexItem": false,
              "h": 50,
              "hasFinalFocus": false,
              "hasFocus": false,
              "id": 9,
              "isComponent": true,
              "mount": 0,
              "mountX": 0,
              "mountY": 0,
              "pivot": 0.5,
              "pivotX": 0.5,
              "pivotY": 0.5,
              "ref": null,
              "renderOfScreen": undefined,
              "renderToTexture": false,
              "scale": 1,
              "scaleX": 1,
              "scaleY": 1,
              "state": "",
              "tag": [Function],
              "texture": {
                "type": "RectangleTexture",
              },
              "type": "Button",
              "visible": true,
              "w": 50,
              "x": 100,
              "y": 0,
              "zIndex": 0,
            },
          },
          "clipping": false,
          "color": 4294967295,
          "enabled": true,
          "flex": false,
          "flexItem": false,
          "h": 300,
          "id": 4,
          "isComponent": undefined,
          "mount": 0.5,
          "mountX": 0.5,
          "mountY": 0.5,
          "pivot": 0.5,
          "pivotX": 0.5,
          "pivotY": 0.5,
          "ref": "Keyboard",
          "renderOfScreen": undefined,
          "renderToTexture": false,
          "scale": 1,
          "scaleX": 1,
          "scaleY": 1,
          "state": undefined,
          "tag": [Function],
          "tags": [
            "Keyboard",
          ],
          "texture": {
            "type": "RectangleTexture",
          },
          "visible": true,
          "w": 500,
          "x": 480,
          "y": 380,
          "zIndex": 0,
        },
        "Label": {
          "active": false,
          "alpha": 1,
          "attached": true,
          "boundsMargin": null,
          "clipping": false,
          "color": "ff000000",
          "enabled": true,
          "flex": false,
          "flexItem": false,
          "h": 50,
          "id": 3,
          "isComponent": undefined,
          "mount": 0.5,
          "mountX": 0.5,
          "mountY": 0.5,
          "pivot": 0.5,
          "pivotX": 0.5,
          "pivotY": 0.5,
          "ref": "Label",
          "renderOfScreen": undefined,
          "renderToTexture": false,
          "scale": 1,
          "scaleX": 1,
          "scaleY": 1,
          "state": undefined,
          "tag": [Function],
          "tags": [
            "Label",
          ],
          "texture": {
            "fontSize": 24,
            "h": 50,
            "type": "TextTexture",
          },
          "visible": true,
          "w": 0,
          "x": 480,
          "y": 200,
          "zIndex": 0,
        },
      },
      "clipping": false,
      "color": 4294967295,
      "enabled": true,
      "flex": false,
      "flexItem": false,
      "h": 540,
      "hasFinalFocus": false,
      "hasFocus": true,
      "id": 2,
      "isComponent": true,
      "mount": 0,
      "mountX": 0,
      "mountY": 0,
      "pivot": 0.5,
      "pivotX": 0.5,
      "pivotY": 0.5,
      "ref": "App",
      "renderOfScreen": undefined,
      "renderToTexture": false,
      "scale": 1,
      "scaleX": 1,
      "scaleY": 1,
      "state": "",
      "tag": [Function],
      "tags": [
        "App",
      ],
      "type": "App",
      "visible": true,
      "w": 960,
      "x": 0,
      "y": 0,
      "zIndex": 1,
    },
  },
}
`;
